// Jest Snapshot v1, https://goo.gl/fbAQLP

exports[`SongDetails component renders a SongDetails component 1`] = `
<Fragment>
  <h1>
    Hey Jude
     by 
    The Beatles
  </h1>
  <p>
    Lalalalalala
  </p>
</Fragment>
`;
